ENSv2 Sepolia beta — on-chain verification of every address in
contracts/sepolia/deployments/sepolia.json
captured: 2026-09-12 10:44:18Z  ·  rpc: https://ethereum-sepolia-rpc.publicnode.com

KEY                        ADDRESS                                      BYTECODE
rootRegistry               0x8115186E8f2E0B0281e86ab91f0f48Ba90364354   14731 bytes
ethRegistry                0xBDC85dD5b15D7ecb354cd7cb6f2c50b4f2c4F0E2   14731 bytes
ethRegistrar               0xa88553F454b77203B0D036A05c894d555EAAa2Cc   7498 bytes
verifiableFactory          0x10dC6333CDFe1FCEf624c6e0a8221b91804Cd7ef   1412 bytes
permissionedResolverImpl   0x9EAe5C2730a7dD16BDD1DeE6421a1B91e3B0365e   17598 bytes
userRegistryImpl           0x624a25d67B59D587752EbEc8DdeD8827dAe52050   17160 bytes
universalResolver          0x4A1817d13E9cF196f471725176355C1234b63C70   18496 bytes
mockUsdc                   0x768F42455A2D082E23ceeF7d51e5787C82d67a39   4310 bytes

--- ETHRegistrar live reads ---
isAvailable("receivable")  = true
MIN_COMMITMENT_AGE         = 60 s
MAX_COMMITMENT_AGE         = 86400 [8.64e4] s
getRegisterPrice(receivable, 365d, MockUSDC):
  8000021 [8e6]
  0
  (base, premium) in 6-decimal MockUSDC -> 8.000021 USDC/year

--- MockUSDC ---
symbol   = "USDC"
decimals = 6
mint(address,uint256) is open and unrestricted
