receivable.eth — local verification
captured: 2026-09-12 10:43:22Z
commit:   0d0fb14 (working tree has uncommitted work)
toolchain: node v22.23.2 · pnpm 9.12.0 · forge Version: 1.8.1 · bun 1.4.2

=============== pnpm typecheck ===============
 Tasks:    4 successful, 4 total

=============== pnpm lint ===============
 Tasks:    4 successful, 4 total

=============== adapter tests (vitest) ===============
> adapter@0.1.0 test /sessions/rcw-012ag467vbdus8pbpj9k9bdn/mnt/receivable/services/adapter
> vitest run
 RUN  v2.1.9 /sessions/rcw-012ag467vbdus8pbpj9k9bdn/mnt/receivable/services/adapter
 ✓ test/state.test.ts (7 tests) 7ms
 ✓ test/pipeline.test.ts (8 tests) 11ms
 ✓ test/domain.test.ts (16 tests) 6ms
 Test Files  3 passed (3)
      Tests  31 passed (31)
   Start at  10:43:25
   Duration  2.53s (transform 626ms, setup 0ms, collect 3.61s, tests 24ms, environment 0ms, prepare 592ms)

=============== forge test — contracts/sepolia ===============
[PASS] test_dnsEncode() (gas: 13092)
[PASS] test_firstLabel() (gas: 13961)
[PASS] test_namehash() (gas: 31618)
[PASS] test_onReport_mintsBusinessAndInvoice() (gas: 1397819)
[PASS] test_rejectsDuplicateInvoice() (gas: 1307386)
[PASS] test_rejectsNonForwarder() (gas: 36375)
[PASS] test_rejectsUnknownBusiness() (gas: 45133)
[PASS] test_roleBitmapsAreEACLegal() (gas: 1355)
[PASS] test_roleConstantsMatchNamechain() (gas: 565)
[PASS] test_secondInvoiceReusesBusinessRegistry() (gas: 1827095)
Suite result: ok. 10 passed; 0 failed; 0 skipped; finished in 3.22ms (2.00ms CPU time)

=============== forge test — contracts/hedera ===============
[PASS] testFuzz_htsEvmAddressRoundTrips(uint64) (runs: 256, μ: 5774, ~: 5774)
[PASS] test_htsEvmAddress_matchesHederaEntityMapping() (gas: 22065)
Suite result: ok. 2 passed; 0 failed; 0 skipped; finished in 9.67ms (9.38ms CPU time)
[PASS] testFuzz_quoteIsLinearAndBelowPar(uint16,uint96) (runs: 256, μ: 30614, ~: 30757)
[PASS] test_buy_cannotOversell() (gas: 310474)
[PASS] test_buy_multipleInvestorsAccrueSeparately() (gas: 447317)
[PASS] test_buy_paysSmbImmediatelyAndDeliversUnits() (gas: 274990)
[PASS] test_buy_rejectedAfterCancel() (gas: 144109)
[PASS] test_buy_rejectedAfterFundingDeadline() (gas: 94409)
[PASS] test_buy_rejectsZero() (gas: 39476)
[PASS] test_buy_revertsAtomicallyIfInvestorNotAssociated() (gas: 262990)
[PASS] test_cancel_beforeDeadlineReverts() (gas: 39459)
[PASS] test_cancel_onlyOperator() (gas: 34778)
[PASS] test_cancel_refundsAtCost() (gas: 461363)
[PASS] test_constructor_rejectsBadTerms() (gas: 17975)
[PASS] test_constructor_revertsWhenHtsAssociationFails() (gas: 18821)
[PASS] test_investorReturnEqualsDiscount() (gas: 470257)
[PASS] test_redeem_beforeSettlementReverts() (gas: 257566)
[PASS] test_redeem_rejectsDoubleClaim() (gas: 481632)
[PASS] test_redeem_rejectsNonHolder() (gas: 422900)
[PASS] test_settle_rejectsUnderfunded() (gas: 322759)
[PASS] test_settle_thenRedeemAtPar() (gas: 742085)
[PASS] test_unitPriceMatchesSharedFormula() (gas: 22777)
Suite result: ok. 20 passed; 0 failed; 0 skipped; finished in 10.04ms (11.12ms CPU time)

=============== CRE workflow typecheck (SDK 1.20.1) ===============
no type errors
installed: 1.20.1

=============== next build ===============
 ✓ Compiled successfully in 7.5s
   Generating static pages (0/7) ...
   Generating static pages (1/7) 
   Generating static pages (3/7) 
   Generating static pages (5/7) 
 ✓ Generating static pages (7/7)
Route (app)                                 Size  First Load JS
┌ ○ /                                      163 B         106 kB
├ ○ /_not-found                            991 B         104 kB
├ ƒ /api/finance                           130 B         103 kB
├ ƒ /api/kyc                               130 B         103 kB
├ ƒ /dashboard                             866 B         107 kB
├ ƒ /inv/[name]                            130 B         103 kB
├ ƒ /invoices/[id]                         866 B         107 kB
├ ƒ /market                                163 B         106 kB
├ ƒ /market/[label]                      1.78 kB         134 kB
└ ○ /portfolio                             740 B         124 kB
